[www.csj.gov.py/informesjudiciales/verificador68a9.html]
[www.csj.gov.py/informesjudiciales/Content/icono.ico]
[www.csj.gov.py/informesjudiciales/Content/bootstrap.css]
[www.csj.gov.py/informesjudiciales/Content/bootstrap-theme.css]
[backblue.gif]
[fade.gif]
[index.html]
[www.csj.gov.py/informesjudiciales/Content/font-awesome-4.7.0/css/font-awesome.css]
[www.csj.gov.py/informesjudiciales/Content/assets/fonts/style.css]
[www.csj.gov.py/informesjudiciales/Content/assets/plugins/animate.css/animate.min.css]
[www.csj.gov.py/informesjudiciales/Content/assets/css/web/main.css]
[www.csj.gov.py/informesjudiciales/Content/assets/css/web/main-responsive.css]
[www.csj.gov.py/informesjudiciales/Content/assets/css/web/theme_blue.css]
[www.csj.gov.py/informesjudiciales/Content/assets/plugins/gritter/css/jquery.gritter.css]
[www.csj.gov.py/informesjudiciales/Content/portal.css]
[www.csj.gov.py/informesjudiciales/Comun/Login.html]
[www.csj.gov.py/informesjudiciales/acordada.html]
[www.csj.gov.py/informesjudiciales/default.html]
[www.csj.gov.py/informesjudiciales/Content/logo-csj.png]
[www.csj.gov.py/informesjudiciales/Content/logo-csj-compromiso.png]
[www.csj.gov.py/informesjudiciales/Scripts/jquery-2.1.3.js]
[www.csj.gov.py/informesjudiciales/Scripts/bootstrap.js]
[www.csj.gov.py/informesjudiciales/Content/assets/plugins/jquery.transit/jquery.transit.js]
[www.csj.gov.py/informesjudiciales/Content/assets/plugins/hover-dropdown/twitter-bootstrap-hover-dropdown.min.js]
[www.csj.gov.py/informesjudiciales/Content/assets/plugins/jquery.appear/jquery.appear.js]
[www.csj.gov.py/informesjudiciales/Content/assets/plugins/blockUI/jquery.blockUI.js]
[www.csj.gov.py/informesjudiciales/Content/assets/plugins/revolution_slider/rs-plugin/js/jquery.themepunch.plugins.min.js]
[www.csj.gov.py/informesjudiciales/Content/assets/plugins/revolution_slider/rs-plugin/js/jquery.themepunch.revolution.min.js]
[www.csj.gov.py/informesjudiciales/Content/assets/plugins/gritter/js/jquery.gritter.min.js]
[www.csj.gov.py/informesjudiciales/Content/assets/plugins/jquery-cookie/jquery.cookie.js]
[www.csj.gov.py/informesjudiciales/Content/assets/js/web/main.js]
[www.csj.gov.py/informesjudiciales/Content/assets/js/web/index.js]
[www.csj.gov.py/informesjudiciales/Content/assets/plugins/jquery-validation/dist/jquery.validate.min.js]
[www.csj.gov.py/informesjudiciales/Content/assets/plugins/jQuery-Smart-Wizard/js/jquery.smartWizard.js]
[www.csj.gov.py/informesjudiciales/verificador68a9.html]
[www.csj.gov.py/informesjudiciales/Scripts/Informe-Judicial.js]
[www.csj.gov.py/informesjudiciales/fonts/glyphicons-halflings-regular.eot]
[www.csj.gov.py/informesjudiciales/fonts/glyphicons-halflings-regulard41d.eot]
[www.csj.gov.py/informesjudiciales/fonts/glyphicons-halflings-regular.woff2]
[www.csj.gov.py/informesjudiciales/fonts/glyphicons-halflings-regular.woff]
[www.csj.gov.py/informesjudiciales/fonts/glyphicons-halflings-regular.ttf]
[www.csj.gov.py/informesjudiciales/Content/bootstrap.css]
[www.csj.gov.py/informesjudiciales/Content/bootstrap-theme.css]
[www.csj.gov.py/informesjudiciales/Content/font-awesome-4.7.0/fonts/fontawesome-webfont3e6e.eot]
[www.csj.gov.py/informesjudiciales/Content/font-awesome-4.7.0/fonts/fontawesome-webfontd41d.eot]
[www.csj.gov.py/informesjudiciales/Content/font-awesome-4.7.0/fonts/fontawesome-webfont3e6e.woff2]
[www.csj.gov.py/informesjudiciales/Content/font-awesome-4.7.0/fonts/fontawesome-webfont3e6e.woff]
[www.csj.gov.py/informesjudiciales/Content/font-awesome-4.7.0/fonts/fontawesome-webfont3e6e.ttf]
[www.csj.gov.py/informesjudiciales/Content/font-awesome-4.7.0/css/font-awesome.css]
[www.csj.gov.py/informesjudiciales/Content/assets/fonts/fonts/clip-font.eot]
[www.csj.gov.py/informesjudiciales/Content/assets/fonts/fonts/clip-fontd41d.eot]
[www.csj.gov.py/informesjudiciales/Content/assets/fonts/fonts/clip-font.woff]
[www.csj.gov.py/informesjudiciales/Content/assets/fonts/fonts/clip-font.ttf]
[www.csj.gov.py/informesjudiciales/Content/assets/fonts/style.css]
[www.csj.gov.py/informesjudiciales/Content/assets/plugins/animate.css/animate.min.css]
[www.csj.gov.py/informesjudiciales/Content/assets/css/web/main.css]
[www.csj.gov.py/informesjudiciales/Content/assets/css/web/main-responsive.css]
[www.csj.gov.py/informesjudiciales/Content/assets/css/web/theme_blue.css]
[www.csj.gov.py/informesjudiciales/Content/assets/plugins/gritter/images/ie-spacer.gif]
[www.csj.gov.py/informesjudiciales/Content/assets/plugins/gritter/images/gritter.png]
[www.csj.gov.py/informesjudiciales/Content/assets/plugins/gritter/images/gritter-light.png]
[www.csj.gov.py/informesjudiciales/Content/assets/plugins/gritter/css/jquery.gritter.css]
[www.csj.gov.py/informesjudiciales/Content/open-sans/open-sans-v13-latin-ext_cyrillic-ext_greek-ext_latin_greek_cyrillic-300.woff2]
[www.csj.gov.py/informesjudiciales/Content/open-sans/open-sans-v13-latin-ext_cyrillic-ext_greek-ext_latin_greek_cyrillic-300.woff]
[www.csj.gov.py/informesjudiciales/Content/open-sans/open-sans-v13-latin-ext_cyrillic-ext_greek-ext_latin_greek_cyrillic-regular.woff2]
[www.csj.gov.py/informesjudiciales/Content/open-sans/open-sans-v13-latin-ext_cyrillic-ext_greek-ext_latin_greek_cyrillic-regular.woff]
[www.csj.gov.py/informesjudiciales/Content/open-sans/open-sans-v13-latin-ext_cyrillic-ext_greek-ext_latin_greek_cyrillic-600.woff2]
[www.csj.gov.py/informesjudiciales/Content/open-sans/open-sans-v13-latin-ext_cyrillic-ext_greek-ext_latin_greek_cyrillic-600.woff]
[www.csj.gov.py/informesjudiciales/Content/open-sans/open-sans-v13-latin-ext_cyrillic-ext_greek-ext_latin_greek_cyrillic-700.woff2]
[www.csj.gov.py/informesjudiciales/Content/open-sans/open-sans-v13-latin-ext_cyrillic-ext_greek-ext_latin_greek_cyrillic-700.woff]
[www.csj.gov.py/informesjudiciales/Content/open-sans/open-sans-v13-latin-ext_cyrillic-ext_greek-ext_latin_greek_cyrillic-800.woff2]
[www.csj.gov.py/informesjudiciales/Content/open-sans/open-sans-v13-latin-ext_cyrillic-ext_greek-ext_latin_greek_cyrillic-800.woff]
[www.csj.gov.py/informesjudiciales/Content/portal.css]
[www.csj.gov.py/informesjudiciales/Content/assets/plugins/bootstrap/css/bootstrap.min.css]
[www.csj.gov.py/informesjudiciales/Content/assets/plugins/font-awesome/css/font-awesome.min.css]
[www.csj.gov.py/informesjudiciales/Content/assets/css/main.css]
[www.csj.gov.py/informesjudiciales/Content/assets/css/main-responsive.css]
[www.csj.gov.py/informesjudiciales/Content/assets/plugins/iCheck/skins/all.css]
[www.csj.gov.py/informesjudiciales/Content/assets/plugins/bootstrap-colorpalette/css/bootstrap-colorpalette.css]
[www.csj.gov.py/informesjudiciales/Content/assets/plugins/perfect-scrollbar/src/perfect-scrollbar.css]
[www.csj.gov.py/informesjudiciales/Content/assets/css/theme_light.css]
[www.csj.gov.py/informesjudiciales/Content/assets/css/print.css]
[ajax.googleapis.com/ajax/libs/jquery/2.0.3/jquery.min.js]
[www.csj.gov.py/informesjudiciales/Content/assets/plugins/jquery-ui/jquery-ui-1.10.2.custom.min.js]
[www.csj.gov.py/informesjudiciales/Content/assets/plugins/bootstrap/js/bootstrap.min.js]
[www.csj.gov.py/informesjudiciales/Content/assets/plugins/bootstrap-hover-dropdown/bootstrap-hover-dropdown.min.js]
[www.csj.gov.py/informesjudiciales/Content/assets/plugins/iCheck/jquery.icheck.min.js]
[www.csj.gov.py/informesjudiciales/Content/assets/plugins/perfect-scrollbar/src/jquery.mousewheel.js]
[www.csj.gov.py/informesjudiciales/Content/assets/plugins/perfect-scrollbar/src/perfect-scrollbar.js]
[www.csj.gov.py/informesjudiciales/Content/assets/plugins/less/less-1.5.0.min.js]
[www.csj.gov.py/informesjudiciales/Content/assets/plugins/bootstrap-colorpalette/js/bootstrap-colorpalette.js]
[www.csj.gov.py/informesjudiciales/Content/assets/js/main.js]
[www.csj.gov.py/informesjudiciales/Content/assets/js/login.js]
[www.csj.gov.py/informesjudiciales/Comun/Login.html]
[www.csj.gov.py/informesjudiciales/acordada.html]
[www.csj.gov.py/informesjudiciales/Verificador.html]
[www.csj.gov.py/informesjudiciales/default.html]
[www.csj.gov.py/informesjudiciales/Default-2.html]
[www.csj.gov.py/informesjudiciales/fonts/glyphicons-halflings-regular.svg]
[www.csj.gov.py/informesjudiciales/Content/font-awesome-4.7.0/fonts/fontawesome-webfont3e6e.svg]
[www.csj.gov.py/informesjudiciales/Content/assets/fonts/fonts/clip-font.svg]
[www.csj.gov.py/informesjudiciales/Content/assets/css/img/social-sprites.html]
[www.csj.gov.py/informesjudiciales/Content/assets/css/web/assets/index.html]
[www.csj.gov.py/informesjudiciales/Content/assets/plugins/bootstrap/fonts/glyphicons-halflings-regular.eot]
[www.csj.gov.py/informesjudiciales/Content/assets/plugins/bootstrap/fonts/glyphicons-halflings-regulard41d.eot]
[www.csj.gov.py/informesjudiciales/Content/assets/plugins/bootstrap/fonts/glyphicons-halflings-regular.woff]
[www.csj.gov.py/informesjudiciales/Content/assets/plugins/bootstrap/fonts/glyphicons-halflings-regular.ttf]
[www.csj.gov.py/informesjudiciales/Content/assets/plugins/bootstrap/css/bootstrap.min.css]
[www.csj.gov.py/informesjudiciales/Content/assets/plugins/font-awesome/fonts/fontawesome-webfontba72.eot]
[www.csj.gov.py/informesjudiciales/Content/assets/plugins/font-awesome/fonts/fontawesome-webfontd41d.eot]
[www.csj.gov.py/informesjudiciales/Content/assets/plugins/font-awesome/fonts/fontawesome-webfontba72.woff]
[www.csj.gov.py/informesjudiciales/Content/assets/plugins/font-awesome/fonts/fontawesome-webfontba72.ttf]
[www.csj.gov.py/informesjudiciales/Content/assets/plugins/font-awesome/css/font-awesome.min.css]
[www.csj.gov.py/informesjudiciales/Content/assets/images/bg.png]
[www.csj.gov.py/informesjudiciales/Content/assets/images/bg_2.png]
[www.csj.gov.py/informesjudiciales/Content/assets/images/bg_3.png]
[www.csj.gov.py/informesjudiciales/Content/assets/images/bg_4.png]
[www.csj.gov.py/informesjudiciales/Content/assets/images/bg_5.png]
[www.csj.gov.py/informesjudiciales/Content/assets/images/timer-piece.png]
[www.csj.gov.py/informesjudiciales/Content/assets/css/main.css]
[www.csj.gov.py/informesjudiciales/Content/assets/images/menu-white-arrow.png]
[www.csj.gov.py/informesjudiciales/Content/assets/css/main-responsive.css]
[www.csj.gov.py/informesjudiciales/Content/assets/plugins/iCheck/skins/minimal/_all.css]
[www.csj.gov.py/informesjudiciales/Content/assets/plugins/iCheck/skins/square/_all.css]
[www.csj.gov.py/informesjudiciales/Content/assets/plugins/iCheck/skins/flat/_all.css]
[www.csj.gov.py/informesjudiciales/Content/assets/plugins/iCheck/skins/line/_all.css]
[www.csj.gov.py/informesjudiciales/Content/assets/plugins/iCheck/skins/polaris/polaris.css]
[www.csj.gov.py/informesjudiciales/Content/assets/plugins/iCheck/skins/futurico/futurico.css]
[www.csj.gov.py/informesjudiciales/Content/assets/plugins/iCheck/skins/all.css]
[www.csj.gov.py/informesjudiciales/Content/assets/plugins/bootstrap-colorpalette/css/bootstrap-colorpalette.css]
[www.csj.gov.py/informesjudiciales/Content/assets/plugins/perfect-scrollbar/src/perfect-scrollbar.css]
[www.csj.gov.py/informesjudiciales/Content/assets/css/theme_light.css]
[www.csj.gov.py/informesjudiciales/Content/assets/css/print.css]
[www.csj.gov.py/informesjudiciales/WebResource44b9.js]
[www.csj.gov.py/informesjudiciales/Verificador.html]
[www.csj.gov.py/informesjudiciales/Default-2.html]
[www.csj.gov.py/informesjudiciales/Content/assets/plugins/bootstrap/fonts/glyphicons-halflings-regular.svg]
[www.csj.gov.py/informesjudiciales/WebResource9e99.js]
[www.csj.gov.py/informesjudiciales/Content/assets/plugins/font-awesome/fonts/fontawesome-webfontba72.svg]
[www.csj.gov.py/informesjudiciales/Content/assets/plugins/iCheck/skins/minimal/minimal.png]
[www.csj.gov.py/informesjudiciales/Content/assets/plugins/iCheck/skins/minimal/minimal@2x.png]
[www.csj.gov.py/informesjudiciales/Content/assets/plugins/iCheck/skins/minimal/red.png]
[www.csj.gov.py/informesjudiciales/Content/assets/plugins/iCheck/skins/minimal/red@2x.png]
[www.csj.gov.py/informesjudiciales/Content/assets/plugins/iCheck/skins/minimal/green.png]
[www.csj.gov.py/informesjudiciales/Content/assets/plugins/iCheck/skins/minimal/green@2x.png]
[www.csj.gov.py/informesjudiciales/Content/assets/plugins/iCheck/skins/minimal/blue.png]
[www.csj.gov.py/informesjudiciales/Content/assets/plugins/iCheck/skins/minimal/blue@2x.png]
[www.csj.gov.py/informesjudiciales/Content/assets/plugins/iCheck/skins/minimal/aero.png]
[www.csj.gov.py/informesjudiciales/Content/assets/plugins/iCheck/skins/minimal/aero@2x.png]
[www.csj.gov.py/informesjudiciales/Content/assets/plugins/iCheck/skins/minimal/grey.png]
[www.csj.gov.py/informesjudiciales/Content/assets/plugins/iCheck/skins/minimal/grey@2x.png]
[www.csj.gov.py/informesjudiciales/Content/assets/plugins/iCheck/skins/minimal/orange.png]
[www.csj.gov.py/informesjudiciales/Content/assets/plugins/iCheck/skins/minimal/orange@2x.png]
[www.csj.gov.py/informesjudiciales/Content/assets/plugins/iCheck/skins/minimal/yellow.png]
[www.csj.gov.py/informesjudiciales/Content/assets/plugins/iCheck/skins/minimal/yellow@2x.png]
[www.csj.gov.py/informesjudiciales/Content/assets/plugins/iCheck/skins/minimal/pink.png]
[www.csj.gov.py/informesjudiciales/Content/assets/plugins/iCheck/skins/minimal/pink@2x.png]
[www.csj.gov.py/informesjudiciales/Content/assets/plugins/iCheck/skins/minimal/purple.png]
[www.csj.gov.py/informesjudiciales/Content/assets/plugins/iCheck/skins/minimal/purple@2x.png]
[www.csj.gov.py/informesjudiciales/Content/assets/plugins/iCheck/skins/minimal/_all.css]
[www.csj.gov.py/informesjudiciales/Content/assets/plugins/iCheck/skins/square/square.png]
[www.csj.gov.py/informesjudiciales/Content/assets/plugins/iCheck/skins/square/square@2x.png]
[www.csj.gov.py/informesjudiciales/Content/assets/plugins/iCheck/skins/square/red.png]
[www.csj.gov.py/informesjudiciales/Content/assets/plugins/iCheck/skins/square/red@2x.png]
[www.csj.gov.py/informesjudiciales/Content/assets/plugins/iCheck/skins/square/green.png]
[www.csj.gov.py/informesjudiciales/Content/assets/plugins/iCheck/skins/square/green@2x.png]
[www.csj.gov.py/informesjudiciales/Content/assets/plugins/iCheck/skins/square/blue.png]
[www.csj.gov.py/informesjudiciales/Content/assets/plugins/iCheck/skins/square/blue@2x.png]
[www.csj.gov.py/informesjudiciales/Content/assets/plugins/iCheck/skins/square/aero.png]
[www.csj.gov.py/informesjudiciales/Content/assets/plugins/iCheck/skins/square/aero@2x.png]
[www.csj.gov.py/informesjudiciales/Content/assets/plugins/iCheck/skins/square/grey.png]
[www.csj.gov.py/informesjudiciales/Content/assets/plugins/iCheck/skins/square/grey@2x.png]
[www.csj.gov.py/informesjudiciales/Content/assets/plugins/iCheck/skins/square/orange.png]
[www.csj.gov.py/informesjudiciales/Content/assets/plugins/iCheck/skins/square/orange@2x.png]
[www.csj.gov.py/informesjudiciales/Content/assets/plugins/iCheck/skins/square/yellow.png]
[www.csj.gov.py/informesjudiciales/Content/assets/plugins/iCheck/skins/square/yellow@2x.png]
[www.csj.gov.py/informesjudiciales/Content/assets/plugins/iCheck/skins/square/pink.png]
[www.csj.gov.py/informesjudiciales/Content/assets/plugins/iCheck/skins/square/pink@2x.png]
[www.csj.gov.py/informesjudiciales/Content/assets/plugins/iCheck/skins/square/purple.png]
[www.csj.gov.py/informesjudiciales/Content/assets/plugins/iCheck/skins/square/purple@2x.png]
[www.csj.gov.py/informesjudiciales/Content/assets/plugins/iCheck/skins/square/_all.css]
[www.csj.gov.py/informesjudiciales/Content/assets/plugins/iCheck/skins/flat/flat.png]
[www.csj.gov.py/informesjudiciales/Content/assets/plugins/iCheck/skins/flat/flat@2x.png]
[www.csj.gov.py/informesjudiciales/Content/assets/plugins/iCheck/skins/flat/red.png]
[www.csj.gov.py/informesjudiciales/Content/assets/plugins/iCheck/skins/flat/red@2x.png]
[www.csj.gov.py/informesjudiciales/Content/assets/plugins/iCheck/skins/flat/green.png]
[www.csj.gov.py/informesjudiciales/Content/assets/plugins/iCheck/skins/flat/green@2x.png]
[www.csj.gov.py/informesjudiciales/Content/assets/plugins/iCheck/skins/flat/blue.png]
[www.csj.gov.py/informesjudiciales/Content/assets/plugins/iCheck/skins/flat/blue@2x.png]
[www.csj.gov.py/informesjudiciales/Content/assets/plugins/iCheck/skins/flat/aero.png]
[www.csj.gov.py/informesjudiciales/Content/assets/plugins/iCheck/skins/flat/aero@2x.png]
[www.csj.gov.py/informesjudiciales/Content/assets/plugins/iCheck/skins/flat/grey.png]
[www.csj.gov.py/informesjudiciales/Content/assets/plugins/iCheck/skins/flat/grey@2x.png]
[www.csj.gov.py/informesjudiciales/Content/assets/plugins/iCheck/skins/flat/orange.png]
[www.csj.gov.py/informesjudiciales/Content/assets/plugins/iCheck/skins/flat/orange@2x.png]
[www.csj.gov.py/informesjudiciales/Content/assets/plugins/iCheck/skins/flat/yellow.png]
[www.csj.gov.py/informesjudiciales/Content/assets/plugins/iCheck/skins/flat/yellow@2x.png]
[www.csj.gov.py/informesjudiciales/Content/assets/plugins/iCheck/skins/flat/pink.png]
[www.csj.gov.py/informesjudiciales/Content/assets/plugins/iCheck/skins/flat/pink@2x.png]
[www.csj.gov.py/informesjudiciales/Content/assets/plugins/iCheck/skins/flat/purple.png]
[www.csj.gov.py/informesjudiciales/Content/assets/plugins/iCheck/skins/flat/purple@2x.png]
[www.csj.gov.py/informesjudiciales/Content/assets/plugins/iCheck/skins/flat/_all.css]
[www.csj.gov.py/informesjudiciales/Content/assets/plugins/iCheck/skins/line/line.png]
[www.csj.gov.py/informesjudiciales/Content/assets/plugins/iCheck/skins/line/line@2x.png]
[www.csj.gov.py/informesjudiciales/Content/assets/plugins/iCheck/skins/line/_all.css]
[www.csj.gov.py/informesjudiciales/Content/assets/plugins/iCheck/skins/polaris/polaris.png]
[www.csj.gov.py/informesjudiciales/Content/assets/plugins/iCheck/skins/polaris/polaris@2x.png]
[www.csj.gov.py/informesjudiciales/Content/assets/plugins/iCheck/skins/polaris/polaris.css]
[www.csj.gov.py/informesjudiciales/Content/assets/plugins/iCheck/skins/futurico/futurico.png]
[www.csj.gov.py/informesjudiciales/Content/assets/plugins/iCheck/skins/futurico/futurico@2x.png]
[www.csj.gov.py/informesjudiciales/Content/assets/plugins/iCheck/skins/futurico/futurico.css]
[www.csj.gov.py/informesjudiciales/WebResource44b9.js]
[www.csj.gov.py/informesjudiciales/WebResource9e99.js]
[www.csj.gov.py/informesjudiciales/POST.html]
